---
source: crates/openlark-docs/src/common/api_endpoints/sheets.rs
expression: "catalog_semantics_snapshot::<CcmSheetApiOld>()"
---
OperateSheets("") | Post | /open-apis/sheets/v2/spreadsheets//sheets_batch_update | Some([User, Tenant])
UpdateSheetProperties("") | Post | /open-apis/sheets/v2/spreadsheets//sheets_batch_update | Some([User, Tenant])
DimensionRange("") | Post | /open-apis/sheets/v2/spreadsheets//dimension_range | Some([User, Tenant])
InsertDimensionRange("") | Post | /open-apis/sheets/v2/spreadsheets//insert_dimension_range | Some([User, Tenant])
DimensionRangeUpdate("") | Put | /open-apis/sheets/v2/spreadsheets//dimension_range | Some([User, Tenant])
DimensionRangeDelete("") | Delete | /open-apis/sheets/v2/spreadsheets//dimension_range | Some([User, Tenant])
MergeCells("") | Post | /open-apis/sheets/v2/spreadsheets//merge_cells | Some([User, Tenant])
UnmergeCells("") | Post | /open-apis/sheets/v2/spreadsheets//unmerge_cells | Some([User, Tenant])
Style("") | Post | /open-apis/sheets/v2/spreadsheets//style | Some([User, Tenant])
StylesBatchUpdate("") | Post | /open-apis/sheets/v2/spreadsheets//styles_batch_update | Some([User, Tenant])
ValuesPrepend("") | Post | /open-apis/sheets/v2/spreadsheets//values_prepend | Some([User, Tenant])
ValuesAppend("") | Post | /open-apis/sheets/v2/spreadsheets//values_append | Some([User, Tenant])
ValuesImage("") | Post | /open-apis/sheets/v2/spreadsheets//values_image | Some([User, Tenant])
ValuesRange("", "") | Get | /open-apis/sheets/v2/spreadsheets//values/ | Some([User, Tenant])
ValuesBatchGet("") | Get | /open-apis/sheets/v2/spreadsheets//values_batch_get | Some([User, Tenant])
Values("") | Put | /open-apis/sheets/v2/spreadsheets//values | Some([User, Tenant])
ValuesBatchUpdate("") | Post | /open-apis/sheets/v2/spreadsheets//values_batch_update | Some([User, Tenant])
ProtectedDimension("") | Post | /open-apis/sheets/v2/spreadsheets//protected_dimension | Some([User, Tenant])
ProtectedRangeBatchUpdate("") | Post | /open-apis/sheets/v2/spreadsheets//protected_range_batch_update | Some([User, Tenant])
ProtectedRangeBatchGet("") | Get | /open-apis/sheets/v2/spreadsheets//protected_range_batch_get | Some([User, Tenant])
ProtectedRangeBatchDel("") | Post | /open-apis/sheets/v2/spreadsheets//protected_range_batch_del | Some([User, Tenant])
Metainfo("") | Get | /open-apis/sheets/v2/spreadsheets//metainfo | Some([User, Tenant])
Properties("") | Put | /open-apis/sheets/v2/spreadsheets//properties | Some([User, Tenant])
Import | Post | /open-apis/sheets/v2/import | Some([User, Tenant])
ImportResult | Get | /open-apis/sheets/v2/import/result | Some([User, Tenant])
ConditionFormats("") | Get | /open-apis/sheets/v2/spreadsheets//condition_formats | Some([User, Tenant])
ConditionFormatsBatchCreate("") | Post | /open-apis/sheets/v2/spreadsheets//condition_formats/batch_create | Some([User, Tenant])
ConditionFormatsBatchDelete("") | Post | /open-apis/sheets/v2/spreadsheets//condition_formats/batch_delete | Some([User, Tenant])
ConditionFormatsBatchUpdate("") | Post | /open-apis/sheets/v2/spreadsheets//condition_formats/batch_update | Some([User, Tenant])
DataValidation("") | Get | /open-apis/sheets/v2/spreadsheets//dataValidation | Some([User, Tenant])
DataValidationCreate("") | Post | /open-apis/sheets/v2/spreadsheets//dataValidation | Some([User, Tenant])
DataValidationUpdate("", "") | Put | /open-apis/sheets/v2/spreadsheets//dataValidation/ | Some([User, Tenant])
DataValidationDelete("") | Delete | /open-apis/sheets/v2/spreadsheets//dataValidation | Some([User, Tenant])
ReadSingleRange("", "") | Get | /open-apis/sheets/v2/spreadsheets//values/ | Some([User, Tenant])
ReadMultipleRanges("") | Get | /open-apis/sheets/v2/spreadsheets//values_batch_get | Some([User, Tenant])
WriteSingleRange("") | Put | /open-apis/sheets/v2/spreadsheets//values | Some([User, Tenant])
BatchWriteRanges("") | Post | /open-apis/sheets/v2/spreadsheets//values_batch_update | Some([User, Tenant])
AppendValues("") | Post | /open-apis/sheets/v2/spreadsheets//values_append | Some([User, Tenant])
InsertValues("") | Post | /open-apis/sheets/v2/spreadsheets//values_prepend | Some([User, Tenant])
GetSpreadsheet("") | Get | /open-apis/sheets/v3/spreadsheets/ | Some([User, Tenant])
CreateSpreadsheet | Post | /open-apis/sheets/v3/spreadsheets | Some([User, Tenant])
UpdateSpreadsheet("") | Patch | /open-apis/sheets/v3/spreadsheets/ | Some([User, Tenant])
AddSheet("") | Post | /open-apis/sheets/v2/spreadsheets//sheets_batch_update | Some([User, Tenant])
GetSheet("", "") | Get | /open-apis/sheets/v3/spreadsheets//sheets/ | Some([User, Tenant])
UpdateSheet("") | Post | /open-apis/sheets/v2/spreadsheets//sheets_batch_update | Some([User, Tenant])
DeleteSheet("") | Post | /open-apis/sheets/v2/spreadsheets//sheets_batch_update | Some([User, Tenant])
CreateFilter("") | Post | /open-apis/sheets/v3/spreadsheets//filterViews | Some([User, Tenant])
GetFilter("") | Post | /open-apis/sheets/v3/spreadsheets//filterViews/query | Some([User, Tenant])
UpdateFilter("") | Post | /open-apis/sheets/v3/spreadsheets//filterViews | Some([User, Tenant])
DeleteFilter("") | Post | /open-apis/sheets/v3/spreadsheets//filterViews | Some([User, Tenant])
CreateFilterView("", "") | Post | /open-apis/sheets/v3/spreadsheets//sheets//filter_views | Some([User, Tenant])
UpdateFilterView("", "", "") | Patch | /open-apis/sheets/v3/spreadsheets//sheets//filter_views/ | Some([User, Tenant])
QueryFilterViews("", "") | Get | /open-apis/sheets/v3/spreadsheets//sheets//filter_views/query | Some([User, Tenant])
GetFilterView("", "", "") | Get | /open-apis/sheets/v3/spreadsheets//sheets//filter_views/ | Some([User, Tenant])
DeleteFilterView("", "", "") | Delete | /open-apis/sheets/v3/spreadsheets//sheets//filter_views/ | Some([User, Tenant])
CreateFilterCondition("", "", "") | Post | /open-apis/sheets/v3/spreadsheets//sheets//filter_views//conditions | Some([User, Tenant])
UpdateFilterCondition("", "", "", "") | Post | /open-apis/sheets/v3/spreadsheets//sheets//filter_views//conditions/ | Some([User, Tenant])
QueryFilterConditions("", "", "") | Get | /open-apis/sheets/v3/spreadsheets//sheets//filter_views//conditions/query | Some([User, Tenant])
GetFilterCondition("", "", "", "") | Get | /open-apis/sheets/v3/spreadsheets//sheets//filter_views//conditions/ | Some([User, Tenant])
DeleteFilterCondition("", "", "", "") | Delete | /open-apis/sheets/v3/spreadsheets//sheets//filter_views//conditions/ | Some([User, Tenant])
CreateFloatImage("", "") | Post | /open-apis/sheets/v3/spreadsheets//sheets//float_images | Some([User, Tenant])
UpdateFloatImage("", "", "") | Post | /open-apis/sheets/v3/spreadsheets//sheets//float_images/ | Some([User, Tenant])
GetFloatImage("", "", "") | Post | /open-apis/sheets/v3/spreadsheets//sheets//float_images/ | Some([User, Tenant])
QueryFloatImages("", "") | Get | /open-apis/sheets/v3/spreadsheets//sheets//float_images/query | Some([User, Tenant])
DeleteFloatImage("", "", "") | Post | /open-apis/sheets/v3/spreadsheets//sheets//float_images/ | Some([User, Tenant])
DeleteRange("") | Post | /open-apis/sheets/v3/spreadsheets//dimensionRange/delete | Some([User, Tenant])
InsertDimension("") | Post | /open-apis/sheets/v3/spreadsheets//dimensionRange/insert | Some([User, Tenant])
MoveDimension("") | Post | /open-apis/sheets/v3/spreadsheets//dimensionRange/move | Some([User, Tenant])
ReplaceRange("") | Post | /open-apis/sheets/v3/spreadsheets//values/batchReplace | Some([User, Tenant])
FindReplace("") | Post | /open-apis/sheets/v3/spreadsheets//values/batchFindReplace | Some([User, Tenant])
