---
source: crates/openlark-docs/src/common/api_endpoints/sheets.rs
expression: "catalog_semantics_snapshot::<SheetsApiV3>()"
---
CreateSpreadsheet | Post | /open-apis/sheets/v3/spreadsheets | Some([User, Tenant])
GetSpreadsheet("") | Get | /open-apis/sheets/v3/spreadsheets/ | Some([User, Tenant])
PatchSpreadsheet("") | Patch | /open-apis/sheets/v3/spreadsheets/ | Some([User, Tenant])
QuerySheets("") | Get | /open-apis/sheets/v3/spreadsheets//sheets/query | Some([User, Tenant])
GetSheet("", "") | Get | /open-apis/sheets/v3/spreadsheets//sheets/ | Some([User, Tenant])
MoveDimension("", "") | Post | /open-apis/sheets/v3/spreadsheets//sheets//move_dimension | Some([User, Tenant])
FindCells("", "") | Post | /open-apis/sheets/v3/spreadsheets//sheets//find | Some([User, Tenant])
ReplaceCells("", "") | Post | /open-apis/sheets/v3/spreadsheets//sheets//replace | Some([User, Tenant])
CreateFilter("", "") | Post | /open-apis/sheets/v3/spreadsheets//sheets//filter | Some([User, Tenant])
UpdateFilter("", "") | Put | /open-apis/sheets/v3/spreadsheets//sheets//filter | Some([User, Tenant])
GetFilter("", "") | Get | /open-apis/sheets/v3/spreadsheets//sheets//filter | Some([User, Tenant])
DeleteFilter("", "") | Delete | /open-apis/sheets/v3/spreadsheets//sheets//filter | Some([User, Tenant])
CreateFilterView("", "") | Post | /open-apis/sheets/v3/spreadsheets//sheets//filter_views | Some([User, Tenant])
QueryFilterViews("", "") | Get | /open-apis/sheets/v3/spreadsheets//sheets//filter_views/query | Some([User, Tenant])
GetFilterView("", "", "") | Get | /open-apis/sheets/v3/spreadsheets//sheets//filter_views/ | Some([User, Tenant])
PatchFilterView("", "", "") | Patch | /open-apis/sheets/v3/spreadsheets//sheets//filter_views/ | Some([User, Tenant])
DeleteFilterView("", "", "") | Delete | /open-apis/sheets/v3/spreadsheets//sheets//filter_views/ | Some([User, Tenant])
CreateFilterCondition("", "", "") | Post | /open-apis/sheets/v3/spreadsheets//sheets//filter_views//conditions | Some([User, Tenant])
QueryFilterConditions("", "", "") | Get | /open-apis/sheets/v3/spreadsheets//sheets//filter_views//conditions/query | Some([User, Tenant])
GetFilterCondition("", "", "", "") | Get | /open-apis/sheets/v3/spreadsheets//sheets//filter_views//conditions/ | Some([User, Tenant])
UpdateFilterCondition("", "", "", "") | Put | /open-apis/sheets/v3/spreadsheets//sheets//filter_views//conditions/ | Some([User, Tenant])
DeleteFilterCondition("", "", "", "") | Delete | /open-apis/sheets/v3/spreadsheets//sheets//filter_views//conditions/ | Some([User, Tenant])
CreateFloatImage("", "") | Post | /open-apis/sheets/v3/spreadsheets//sheets//float_images | Some([User, Tenant])
QueryFloatImages("", "") | Get | /open-apis/sheets/v3/spreadsheets//sheets//float_images/query | Some([User, Tenant])
GetFloatImage("", "", "") | Get | /open-apis/sheets/v3/spreadsheets//sheets//float_images/ | Some([User, Tenant])
PatchFloatImage("", "", "") | Patch | /open-apis/sheets/v3/spreadsheets//sheets//float_images/ | Some([User, Tenant])
DeleteFloatImage("", "", "") | Delete | /open-apis/sheets/v3/spreadsheets//sheets//float_images/ | Some([User, Tenant])
