---
source: crates/openlark-docs/src/common/api_endpoints/bitable.rs
expression: "catalog_semantics_snapshot::<BitableApiV1>()"
---
AppCreate | Post | /open-apis/bitable/v1/apps | Some([User, Tenant])
AppCopy("") | Post | /open-apis/bitable/v1/apps//copy | Some([User, Tenant])
AppGet("") | Get | /open-apis/bitable/v1/apps/ | Some([User, Tenant])
AppUpdate("") | Put | /open-apis/bitable/v1/apps/ | Some([User, Tenant])
DashboardList("") | Get | /open-apis/bitable/v1/apps//dashboards | Some([User, Tenant])
DashboardCopy("", "") | Post | /open-apis/bitable/v1/apps//dashboards//copy | Some([User, Tenant])
BlockWorkflowList("") | Get | /open-apis/bitable/v1/apps//block_workflows | Some([User, Tenant])
WorkflowList("") | Get | /open-apis/bitable/v1/apps//workflows | Some([User, Tenant])
WorkflowUpdate("", "") | Put | /open-apis/bitable/v1/apps//workflows/ | Some([User, Tenant])
TableCreate("") | Post | /open-apis/bitable/v1/apps//tables | Some([User, Tenant])
TableBatchCreate("") | Post | /open-apis/bitable/v1/apps//tables/batch_create | Some([User, Tenant])
TableUpdate("", "") | Put | /open-apis/bitable/v1/apps//tables/ | Some([User, Tenant])
TableDelete("", "") | Delete | /open-apis/bitable/v1/apps//tables/ | Some([User, Tenant])
TableBatchDelete("") | Post | /open-apis/bitable/v1/apps//tables/batch_delete | Some([User, Tenant])
TableGet("", "") | Get | /open-apis/bitable/v1/apps//tables/ | Some([User, Tenant])
TableList("") | Get | /open-apis/bitable/v1/apps//tables | Some([User, Tenant])
TablePatch("", "") | Patch | /open-apis/bitable/v1/apps//tables/ | Some([User, Tenant])
FieldCreate("", "") | Post | /open-apis/bitable/v1/apps//tables//fields | Some([User, Tenant])
FieldGroupCreate("", "") | Post | /open-apis/bitable/v1/apps//tables//field_groups | Some([User, Tenant])
FieldUpdate("", "", "") | Put | /open-apis/bitable/v1/apps//tables//fields/ | Some([User, Tenant])
FieldDelete("", "", "") | Delete | /open-apis/bitable/v1/apps//tables//fields/ | Some([User, Tenant])
FieldList("", "") | Get | /open-apis/bitable/v1/apps//tables//fields | Some([User, Tenant])
ViewCreate("", "") | Post | /open-apis/bitable/v1/apps//tables//views | Some([User, Tenant])
ViewUpdate("", "", "") | Put | /open-apis/bitable/v1/apps//tables//views/ | Some([User, Tenant])
ViewDelete("", "", "") | Delete | /open-apis/bitable/v1/apps//tables//views/ | Some([User, Tenant])
ViewGet("", "", "") | Get | /open-apis/bitable/v1/apps//tables//views/ | Some([User, Tenant])
ViewList("", "") | Get | /open-apis/bitable/v1/apps//tables//views | Some([User, Tenant])
ViewPatch("", "", "") | Patch | /open-apis/bitable/v1/apps//tables//views/ | Some([User, Tenant])
RecordCreate("", "") | Post | /open-apis/bitable/v1/apps//tables//records | Some([User, Tenant])
RecordBatchCreate("", "") | Post | /open-apis/bitable/v1/apps//tables//records/batch_create | Some([User, Tenant])
RecordGet("", "", "") | Get | /open-apis/bitable/v1/apps//tables//records/ | Some([User, Tenant])
RecordBatchGet("", "") | Post | /open-apis/bitable/v1/apps//tables//records/batch_get | Some([User, Tenant])
RecordUpdate("", "", "") | Put | /open-apis/bitable/v1/apps//tables//records/ | Some([User, Tenant])
RecordBatchUpdate("", "") | Post | /open-apis/bitable/v1/apps//tables//records/batch_update | Some([User, Tenant])
RecordDelete("", "", "") | Delete | /open-apis/bitable/v1/apps//tables//records/ | Some([User, Tenant])
RecordBatchDelete("", "") | Post | /open-apis/bitable/v1/apps//tables//records/batch_delete | Some([User, Tenant])
RecordList("", "") | Get | /open-apis/bitable/v1/apps//tables//records | Some([User, Tenant])
RecordSearch("", "") | Post | /open-apis/bitable/v1/apps//tables//records/search | Some([User, Tenant])
FormGet("", "", "") | Get | /open-apis/bitable/v1/apps//tables//forms/ | Some([User, Tenant])
FormPatch("", "", "") | Patch | /open-apis/bitable/v1/apps//tables//forms/ | Some([User, Tenant])
FormUpgrade("", "", "") | Post | /open-apis/bitable/v1/apps//tables//forms//upgrade | Some([User, Tenant])
FormFieldList("", "", "") | Get | /open-apis/bitable/v1/apps//tables//forms//fields | Some([User, Tenant])
FormFieldPatch("", "", "", "") | Patch | /open-apis/bitable/v1/apps//tables//forms//fields/ | Some([User, Tenant])
RoleCreate("") | Post | /open-apis/bitable/v1/apps//roles | Some([User, Tenant])
RoleUpdate("", "") | Put | /open-apis/bitable/v1/apps//roles/ | Some([User, Tenant])
RoleDelete("", "") | Delete | /open-apis/bitable/v1/apps//roles/ | Some([User, Tenant])
RoleList("") | Get | /open-apis/bitable/v1/apps//roles | Some([User, Tenant])
RoleMemberCreate("", "") | Post | /open-apis/bitable/v1/apps//roles//members | Some([User, Tenant])
RoleMemberBatchCreate("", "") | Post | /open-apis/bitable/v1/apps//roles//members/batch_create | Some([User, Tenant])
RoleMemberDelete("", "", "") | Delete | /open-apis/bitable/v1/apps//roles//members/ | Some([User, Tenant])
RoleMemberBatchDelete("", "") | Post | /open-apis/bitable/v1/apps//roles//members/batch_delete | Some([User, Tenant])
RoleMemberList("", "") | Get | /open-apis/bitable/v1/apps//roles//members | Some([User, Tenant])
